Archive member included to satisfy reference by file (symbol)

d:/app/stm32cubeide/stm32cubeide_1.3.0/stm32cubeide/plugins/com.st.stm32cube.ide.mcu.externaltools.gnu-tools-for-stm32.7-2018-q2-update.win32_1.5.0.202011040924/tools/bin/../lib/gcc/arm-none-eabi/7.3.1/../../../../arm-none-eabi/lib/thumb/v7e-m/fpv5/hard\libc_nano.a(lib_a-errno.o)
                              Core/Src/syscalls.o (__errno)
d:/app/stm32cubeide/stm32cubeide_1.3.0/stm32cubeide/plugins/com.st.stm32cube.ide.mcu.externaltools.gnu-tools-for-stm32.7-2018-q2-update.win32_1.5.0.202011040924/tools/bin/../lib/gcc/arm-none-eabi/7.3.1/../../../../arm-none-eabi/lib/thumb/v7e-m/fpv5/hard\libc_nano.a(lib_a-exit.o)
                              d:/app/stm32cubeide/stm32cubeide_1.3.0/stm32cubeide/plugins/com.st.stm32cube.ide.mcu.externaltools.gnu-tools-for-stm32.7-2018-q2-update.win32_1.5.0.202011040924/tools/bin/../lib/gcc/arm-none-eabi/7.3.1/../../../../arm-none-eabi/lib/thumb/v7e-m/fpv5/hard/crt0.o (exit)
d:/app/stm32cubeide/stm32cubeide_1.3.0/stm32cubeide/plugins/com.st.stm32cube.ide.mcu.externaltools.gnu-tools-for-stm32.7-2018-q2-update.win32_1.5.0.202011040924/tools/bin/../lib/gcc/arm-none-eabi/7.3.1/../../../../arm-none-eabi/lib/thumb/v7e-m/fpv5/hard\libc_nano.a(lib_a-impure.o)
                              d:/app/stm32cubeide/stm32cubeide_1.3.0/stm32cubeide/plugins/com.st.stm32cube.ide.mcu.externaltools.gnu-tools-for-stm32.7-2018-q2-update.win32_1.5.0.202011040924/tools/bin/../lib/gcc/arm-none-eabi/7.3.1/../../../../arm-none-eabi/lib/thumb/v7e-m/fpv5/hard\libc_nano.a(lib_a-exit.o) (_global_impure_ptr)
d:/app/stm32cubeide/stm32cubeide_1.3.0/stm32cubeide/plugins/com.st.stm32cube.ide.mcu.externaltools.gnu-tools-for-stm32.7-2018-q2-update.win32_1.5.0.202011040924/tools/bin/../lib/gcc/arm-none-eabi/7.3.1/../../../../arm-none-eabi/lib/thumb/v7e-m/fpv5/hard\libc_nano.a(lib_a-init.o)
                              d:/app/stm32cubeide/stm32cubeide_1.3.0/stm32cubeide/plugins/com.st.stm32cube.ide.mcu.externaltools.gnu-tools-for-stm32.7-2018-q2-update.win32_1.5.0.202011040924/tools/bin/../lib/gcc/arm-none-eabi/7.3.1/../../../../arm-none-eabi/lib/thumb/v7e-m/fpv5/hard/crt0.o (__libc_init_array)
d:/app/stm32cubeide/stm32cubeide_1.3.0/stm32cubeide/plugins/com.st.stm32cube.ide.mcu.externaltools.gnu-tools-for-stm32.7-2018-q2-update.win32_1.5.0.202011040924/tools/bin/../lib/gcc/arm-none-eabi/7.3.1/../../../../arm-none-eabi/lib/thumb/v7e-m/fpv5/hard\libc_nano.a(lib_a-memset.o)
                              d:/app/stm32cubeide/stm32cubeide_1.3.0/stm32cubeide/plugins/com.st.stm32cube.ide.mcu.externaltools.gnu-tools-for-stm32.7-2018-q2-update.win32_1.5.0.202011040924/tools/bin/../lib/gcc/arm-none-eabi/7.3.1/../../../../arm-none-eabi/lib/thumb/v7e-m/fpv5/hard/crt0.o (memset)

Allocating common symbols
Common symbol       size              file

uwTick              0x4               Drivers/STM32H7xx_HAL_Driver/stm32h7xx_hal.o
pFlash              0x1c              Drivers/STM32H7xx_HAL_Driver/stm32h7xx_hal_flash.o

Discarded input sections

 .text          0x0000000000000000        0x0 d:/app/stm32cubeide/stm32cubeide_1.3.0/stm32cubeide/plugins/com.st.stm32cube.ide.mcu.externaltools.gnu-tools-for-stm32.7-2018-q2-update.win32_1.5.0.202011040924/tools/bin/../lib/gcc/arm-none-eabi/7.3.1/thumb/v7e-m/fpv5/hard/crti.o
 .data          0x0000000000000000        0x0 d:/app/stm32cubeide/stm32cubeide_1.3.0/stm32cubeide/plugins/com.st.stm32cube.ide.mcu.externaltools.gnu-tools-for-stm32.7-2018-q2-update.win32_1.5.0.202011040924/tools/bin/../lib/gcc/arm-none-eabi/7.3.1/thumb/v7e-m/fpv5/hard/crti.o
 .bss           0x0000000000000000        0x0 d:/app/stm32cubeide/stm32cubeide_1.3.0/stm32cubeide/plugins/com.st.stm32cube.ide.mcu.externaltools.gnu-tools-for-stm32.7-2018-q2-update.win32_1.5.0.202011040924/tools/bin/../lib/gcc/arm-none-eabi/7.3.1/thumb/v7e-m/fpv5/hard/crti.o
 .data          0x0000000000000000        0x4 d:/app/stm32cubeide/stm32cubeide_1.3.0/stm32cubeide/plugins/com.st.stm32cube.ide.mcu.externaltools.gnu-tools-for-stm32.7-2018-q2-update.win32_1.5.0.202011040924/tools/bin/../lib/gcc/arm-none-eabi/7.3.1/thumb/v7e-m/fpv5/hard/crtbegin.o
 .text          0x0000000000000000       0x74 d:/app/stm32cubeide/stm32cubeide_1.3.0/stm32cubeide/plugins/com.st.stm32cube.ide.mcu.externaltools.gnu-tools-for-stm32.7-2018-q2-update.win32_1.5.0.202011040924/tools/bin/../lib/gcc/arm-none-eabi/7.3.1/../../../../arm-none-eabi/lib/thumb/v7e-m/fpv5/hard/crt0.o
 .data          0x0000000000000000        0x0 d:/app/stm32cubeide/stm32cubeide_1.3.0/stm32cubeide/plugins/com.st.stm32cube.ide.mcu.externaltools.gnu-tools-for-stm32.7-2018-q2-update.win32_1.5.0.202011040924/tools/bin/../lib/gcc/arm-none-eabi/7.3.1/../../../../arm-none-eabi/lib/thumb/v7e-m/fpv5/hard/crt0.o
[...]
Memory Configuration

Name             Origin             Length             Attributes
FLASH            0x0000000008000000 0x0000000000100000 xr
RAM              0x0000000020000000 0x0000000000020000 xrw
ITCMRAM          0x0000000000000000 0x0000000000010000 xrw
*default*        0x0000000000000000 0xffffffffffffffff

Linker script and memory map

LOAD d:/app/stm32cubeide/stm32cubeide_1.3.0/stm32cubeide/plugins/com.st.stm32cube.ide.mcu.externaltools.gnu-tools-for-stm32.7-2018-q2-update.win32_1.5.0.202011040924/tools/bin/../lib/gcc/arm-none-eabi/7.3.1/thumb/v7e-m/fpv5/hard/crti.o
LOAD d:/app/stm32cubeide/stm32cubeide_1.3.0/stm32cubeide/plugins/com.st.stm32cube.ide.mcu.externaltools.gnu-tools-for-stm32.7-2018-q2-update.win32_1.5.0.202011040924/tools/bin/../lib/gcc/arm-none-eabi/7.3.1/thumb/v7e-m/fpv5/hard/crtbegin.o
LOAD d:/app/stm32cubeide/stm32cubeide_1.3.0/stm32cubeide/plugins/com.st.stm32cube.ide.mcu.externaltools.gnu-tools-for-stm32.7-2018-q2-update.win32_1.5.0.202011040924/tools/bin/../lib/gcc/arm-none-eabi/7.3.1/../../../../arm-none-eabi/lib/thumb/v7e-m/fpv5/hard/crt0.o
LOAD Common/Src/system_stm32h7xx_dualcore_boot_cm4_cm7.o
LOAD Core/Src/dma.o
LOAD Core/Src/gpio.o
LOAD Core/Src/main.o
LOAD Core/Src/stm32h7xx_hal_msp.o
LOAD Core/Src/stm32h7xx_it.o
LOAD Core/Src/syscalls.o
LOAD Core/Src/sysmem.o
LOAD Core/Startup/startup_stm32h745zitx.o
LOAD Drivers/STM32H7xx_HAL_Driver/stm32h7xx_hal.o
LOAD Drivers/STM32H7xx_HAL_Driver/stm32h7xx_hal_cortex.o
LOAD Drivers/STM32H7xx_HAL_Driver/stm32h7xx_hal_dma.o
LOAD Drivers/STM32H7xx_HAL_Driver/stm32h7xx_hal_dma_ex.o
LOAD Drivers/STM32H7xx_HAL_Driver/stm32h7xx_hal_exti.o
LOAD Drivers/STM32H7xx_HAL_Driver/stm32h7xx_hal_flash.o
LOAD Drivers/STM32H7xx_HAL_Driver/stm32h7xx_hal_flash_ex.o
LOAD Drivers/STM32H7xx_HAL_Driver/stm32h7xx_hal_gpio.o
LOAD Drivers/STM32H7xx_HAL_Driver/stm32h7xx_hal_hsem.o
LOAD Drivers/STM32H7xx_HAL_Driver/stm32h7xx_hal_i2c.o
LOAD Drivers/STM32H7xx_HAL_Driver/stm32h7xx_hal_i2c_ex.o
LOAD Drivers/STM32H7xx_HAL_Driver/stm32h7xx_hal_mdma.o
LOAD Drivers/STM32H7xx_HAL_Driver/stm32h7xx_hal_pwr.o
LOAD Drivers/STM32H7xx_HAL_Driver/stm32h7xx_hal_pwr_ex.o
LOAD Drivers/STM32H7xx_HAL_Driver/stm32h7xx_hal_rcc.o
LOAD Drivers/STM32H7xx_HAL_Driver/stm32h7xx_hal_rcc_ex.o
LOAD Drivers/STM32H7xx_HAL_Driver/stm32h7xx_hal_tim.o
LOAD Drivers/STM32H7xx_HAL_Driver/stm32h7xx_hal_tim_ex.o
START GROUP
LOAD d:/app/stm32cubeide/stm32cubeide_1.3.0/stm32cubeide/plugins/com.st.stm32cube.ide.mcu.externaltools.gnu-tools-for-stm32.7-2018-q2-update.win32_1.5.0.202011040924/tools/bin/../lib/gcc/arm-none-eabi/7.3.1/../../../../arm-none-eabi/lib/thumb/v7e-m/fpv5/hard\libc_nano.a
LOAD d:/app/stm32cubeide/stm32cubeide_1.3.0/stm32cubeide/plugins/com.st.stm32cube.ide.mcu.externaltools.gnu-tools-for-stm32.7-2018-q2-update.win32_1.5.0.202011040924/tools/bin/../lib/gcc/arm-none-eabi/7.3.1/../../../../arm-none-eabi/lib/thumb/v7e-m/fpv5/hard\libm.a
END GROUP
START GROUP
LOAD d:/app/stm32cubeide/stm32cubeide_1.3.0/stm32cubeide/plugins/com.st.stm32cube.ide.mcu.externaltools.gnu-tools-for-stm32.7-2018-q2-update.win32_1.5.0.202011040924/tools/bin/../lib/gcc/arm-none-eabi/7.3.1/thumb/v7e-m/fpv5/hard\libgcc.a
LOAD d:/app/stm32cubeide/stm32cubeide_1.3.0/stm32cubeide/plugins/com.st.stm32cube.ide.mcu.externaltools.gnu-tools-for-stm32.7-2018-q2-update.win32_1.5.0.202011040924/tools/bin/../lib/gcc/arm-none-eabi/7.3.1/../../../../arm-none-eabi/lib/thumb/v7e-m/fpv5/hard\libc_nano.a
END GROUP
START GROUP
LOAD d:/app/stm32cubeide/stm32cubeide_1.3.0/stm32cubeide/plugins/com.st.stm32cube.ide.mcu.externaltools.gnu-tools-for-stm32.7-2018-q2-update.win32_1.5.0.202011040924/tools/bin/../lib/gcc/arm-none-eabi/7.3.1/thumb/v7e-m/fpv5/hard\libgcc.a
LOAD d:/app/stm32cubeide/stm32cubeide_1.3.0/stm32cubeide/plugins/com.st.stm32cube.ide.mcu.externaltools.gnu-tools-for-stm32.7-2018-q2-update.win32_1.5.0.202011040924/tools/bin/../lib/gcc/arm-none-eabi/7.3.1/../../../../arm-none-eabi/lib/thumb/v7e-m/fpv5/hard\libc_nano.a
LOAD d:/app/stm32cubeide/stm32cubeide_1.3.0/stm32cubeide/plugins/com.st.stm32cube.ide.mcu.externaltools.gnu-tools-for-stm32.7-2018-q2-update.win32_1.5.0.202011040924/tools/bin/../lib/gcc/arm-none-eabi/7.3.1/../../../../arm-none-eabi/lib/thumb/v7e-m/fpv5/hard\libnosys.a
END GROUP
START GROUP
LOAD d:/app/stm32cubeide/stm32cubeide_1.3.0/stm32cubeide/plugins/com.st.stm32cube.ide.mcu.externaltools.gnu-tools-for-stm32.7-2018-q2-update.win32_1.5.0.202011040924/tools/bin/../lib/gcc/arm-none-eabi/7.3.1/thumb/v7e-m/fpv5/hard\libgcc.a
LOAD d:/app/stm32cubeide/stm32cubeide_1.3.0/stm32cubeide/plugins/com.st.stm32cube.ide.mcu.externaltools.gnu-tools-for-stm32.7-2018-q2-update.win32_1.5.0.202011040924/tools/bin/../lib/gcc/arm-none-eabi/7.3.1/../../../../arm-none-eabi/lib/thumb/v7e-m/fpv5/hard\libc_nano.a
LOAD d:/app/stm32cubeide/stm32cubeide_1.3.0/stm32cubeide/plugins/com.st.stm32cube.ide.mcu.externaltools.gnu-tools-for-stm32.7-2018-q2-update.win32_1.5.0.202011040924/tools/bin/../lib/gcc/arm-none-eabi/7.3.1/../../../../arm-none-eabi/lib/thumb/v7e-m/fpv5/hard\libnosys.a
END GROUP
LOAD d:/app/stm32cubeide/stm32cubeide_1.3.0/stm32cubeide/plugins/com.st.stm32cube.ide.mcu.externaltools.gnu-tools-for-stm32.7-2018-q2-update.win32_1.5.0.202011040924/tools/bin/../lib/gcc/arm-none-eabi/7.3.1/thumb/v7e-m/fpv5/hard/crtend.o
LOAD d:/app/stm32cubeide/stm32cubeide_1.3.0/stm32cubeide/plugins/com.st.stm32cube.ide.mcu.externaltools.gnu-tools-for-stm32.7-2018-q2-update.win32_1.5.0.202011040924/tools/bin/../lib/gcc/arm-none-eabi/7.3.1/thumb/v7e-m/fpv5/hard/crtn.o
                0x0000000020020000                _estack = 0x20020000
                0x0000000000000200                _Min_Heap_Size = 0x200
                0x0000000000000400                _Min_Stack_Size = 0x400

.isr_vector     0x0000000008000000      0x298
                0x0000000008000000                . = ALIGN (0x4)
 *(.isr_vector)
 .isr_vector    0x0000000008000000      0x298 Core/Startup/startup_stm32h745zitx.o
                0x0000000008000000                g_pfnVectors
                0x0000000008000298                . = ALIGN (0x4)

.text           0x0000000008000298     0x2884
                0x0000000008000298                . = ALIGN (0x4)
 *(.text)
 .text          0x0000000008000298       0x40 d:/app/stm32cubeide/stm32cubeide_1.3.0/stm32cubeide/plugins/com.st.stm32cube.ide.mcu.externaltools.gnu-tools-for-stm32.7-2018-q2-update.win32_1.5.0.202011040924/tools/bin/../lib/gcc/arm-none-eabi/7.3.1/thumb/v7e-m/fpv5/hard/crtbegin.o
 *(.text*)
 .text.SystemInit
                0x00000000080002d8      0x134 Common/Src/system_stm32h7xx_dualcore_boot_cm4_cm7.o
                0x00000000080002d8                SystemInit
 .text.MX_DMA_Init
                0x000000000800040c       0x34 Core/Src/dma.o
                0x000000000800040c                MX_DMA_Init
 .text.MX_GPIO_Init
                0x0000000008000440       0x54 Core/Src/gpio.o
                0x0000000008000440                MX_GPIO_Init
 .text.main     0x0000000008000494       0x98 Core/Src/main.o
                0x0000000008000494                main
 .text.SystemClock_Config
                0x000000000800052c      0x174 Core/Src/main.o
                0x000000000800052c                SystemClock_Config
 .text.Error_Handler
                0x00000000080006a0        0x8 Core/Src/main.o
                0x00000000080006a0                Error_Handler
 .text.HAL_MspInit
                0x00000000080006a8       0x34 Core/Src/stm32h7xx_hal_msp.o
                0x00000000080006a8                HAL_MspInit
 .text.NMI_Handler
                0x00000000080006dc        0x6 Core/Src/stm32h7xx_it.o
                0x00000000080006dc                NMI_Handler
 .text.HardFault_Handler
                0x00000000080006e2        0x6 Core/Src/stm32h7xx_it.o
                0x00000000080006e2                HardFault_Handler
 .text.MemManage_Handler
                0x00000000080006e8        0x6 Core/Src/stm32h7xx_it.o
                0x00000000080006e8                MemManage_Handler
 .text.BusFault_Handler
                0x00000000080006ee        0x6 Core/Src/stm32h7xx_it.o
                0x00000000080006ee                BusFault_Handler
 .text.UsageFault_Handler
                0x00000000080006f4        0x6 Core/Src/stm32h7xx_it.o
                0x00000000080006f4                UsageFault_Handler
 .text.SVC_Handler
                0x00000000080006fa        0xe Core/Src/stm32h7xx_it.o
                0x00000000080006fa                SVC_Handler
 .text.DebugMon_Handler
                0x0000000008000708        0xe Core/Src/stm32h7xx_it.o
                0x0000000008000708                DebugMon_Handler
 .text.PendSV_Handler
                0x0000000008000716        0xe Core/Src/stm32h7xx_it.o
                0x0000000008000716                PendSV_Handler
 .text.SysTick_Handler
                0x0000000008000724        0xc Core/Src/stm32h7xx_it.o
                0x0000000008000724                SysTick_Handler
 .text.Reset_Handler
                0x0000000008000730       0x50 Core/Startup/startup_stm32h745zitx.o
                0x0000000008000730                Reset_Handler
 .text.Default_Handler
                0x0000000008000780        0x2 Core/Startup/startup_stm32h745zitx.o
                0x0000000008000780                RTC_Alarm_IRQHandler
                0x0000000008000780                EXTI2_IRQHandler
                0x0000000008000780                TIM8_CC_IRQHandler
                0x0000000008000780                HRTIM1_Master_IRQHandler
                0x0000000008000780                UART8_IRQHandler
                0x0000000008000780                SPI4_IRQHandler
                0x0000000008000780                TIM1_CC_IRQHandler
                0x0000000008000780                BDMA_Channel6_IRQHandler
                0x0000000008000780                DMA2_Stream5_IRQHandler
                0x0000000008000780                HRTIM1_FLT_IRQHandler
                0x0000000008000780                JPEG_IRQHandler
                0x0000000008000780                DMA1_Stream5_IRQHandler
                0x0000000008000780                BDMA_Channel1_IRQHandler
                0x0000000008000780                HRTIM1_TIMD_IRQHandler
                0x0000000008000780                TAMP_STAMP_IRQHandler
                0x0000000008000780                EXTI3_IRQHandler
                0x0000000008000780                LPTIM4_IRQHandler
                0x0000000008000780                TIM8_TRG_COM_TIM14_IRQHandler
                0x0000000008000780                LPTIM2_IRQHandler
                0x0000000008000780                DFSDM1_FLT1_IRQHandler
                0x0000000008000780                DMAMUX2_OVR_IRQHandler
                0x0000000008000780                TIM8_UP_TIM13_IRQHandler
                0x0000000008000780                I2C3_ER_IRQHandler
                0x0000000008000780                DFSDM1_FLT2_IRQHandler
                0x0000000008000780                MDMA_IRQHandler
                0x0000000008000780                LPTIM3_IRQHandler
                0x0000000008000780                HSEM1_IRQHandler
                0x0000000008000780                EXTI0_IRQHandler
                0x0000000008000780                I2C2_EV_IRQHandler
                0x0000000008000780                DMA1_Stream2_IRQHandler
                0x0000000008000780                FPU_IRQHandler
                0x0000000008000780                OTG_HS_WKUP_IRQHandler
                0x0000000008000780                FDCAN1_IT1_IRQHandler
                0x0000000008000780                LTDC_ER_IRQHandler
                0x0000000008000780                DMA2_Stream2_IRQHandler
                0x0000000008000780                HRTIM1_TIME_IRQHandler
                0x0000000008000780                SPI1_IRQHandler
                0x0000000008000780                TIM6_DAC_IRQHandler
                0x0000000008000780                DCMI_IRQHandler
                0x0000000008000780                HRTIM1_TIMC_IRQHandler
                0x0000000008000780                DMA2_Stream3_IRQHandler
                0x0000000008000780                SAI2_IRQHandler
                0x0000000008000780                DFSDM1_FLT3_IRQHandler
                0x0000000008000780                USART6_IRQHandler
                0x0000000008000780                TIM17_IRQHandler
                0x0000000008000780                USART3_IRQHandler
                0x0000000008000780                BDMA_Channel7_IRQHandler
                0x0000000008000780                LPTIM5_IRQHandler
                0x0000000008000780                UART5_IRQHandler
                0x0000000008000780                ADC3_IRQHandler
                0x0000000008000780                DMA2_Stream0_IRQHandler
                0x0000000008000780                TIM4_IRQHandler
                0x0000000008000780                BDMA_Channel2_IRQHandler
                0x0000000008000780                QUADSPI_IRQHandler
                0x0000000008000780                I2C1_EV_IRQHandler
                0x0000000008000780                DMA1_Stream6_IRQHandler
                0x0000000008000780                DMAMUX1_OVR_IRQHandler
                0x0000000008000780                DMA1_Stream1_IRQHandler
                0x0000000008000780                TIM16_IRQHandler
                0x0000000008000780                UART4_IRQHandler
                0x0000000008000780                BDMA_Channel5_IRQHandler
                0x0000000008000780                TIM3_IRQHandler
                0x0000000008000780                RCC_IRQHandler
                0x0000000008000780                TIM8_BRK_TIM12_IRQHandler
                0x0000000008000780                TIM1_TRG_COM_IRQHandler
                0x0000000008000780                Default_Handler
                0x0000000008000780                ECC_IRQHandler
                0x0000000008000780                CEC_IRQHandler
                0x0000000008000780                EXTI15_10_IRQHandler
                0x0000000008000780                BDMA_Channel0_IRQHandler
                0x0000000008000780                ADC_IRQHandler
                0x0000000008000780                DMA1_Stream7_IRQHandler
                0x0000000008000780                HRTIM1_TIMA_IRQHandler
                0x0000000008000780                SPI5_IRQHandler
                0x0000000008000780                TIM7_IRQHandler
                0x0000000008000780                SDMMC1_IRQHandler
                0x0000000008000780                TIM5_IRQHandler
                0x0000000008000780                DMA2_Stream7_IRQHandler
                0x0000000008000780                TIM15_IRQHandler
                0x0000000008000780                PVD_AVD_IRQHandler
                0x0000000008000780                I2C3_EV_IRQHandler
                0x0000000008000780                EXTI9_5_IRQHandler
                0x0000000008000780                RTC_WKUP_IRQHandler
                0x0000000008000780                LTDC_IRQHandler
                0x0000000008000780                SAI3_IRQHandler
                0x0000000008000780                ETH_WKUP_IRQHandler
                0x0000000008000780                SPDIF_RX_IRQHandler
                0x0000000008000780                SPI2_IRQHandler
                0x0000000008000780                OTG_HS_EP1_IN_IRQHandler
                0x0000000008000780                DMA1_Stream0_IRQHandler
                0x0000000008000780                CRS_IRQHandler
                0x0000000008000780                CM7_SEV_IRQHandler
                0x0000000008000780                EXTI4_IRQHandler
                0x0000000008000780                RNG_IRQHandler
                0x0000000008000780                CM4_SEV_IRQHandler
                0x0000000008000780                HRTIM1_TIMB_IRQHandler
                0x0000000008000780                FDCAN2_IT1_IRQHandler
                0x0000000008000780                ETH_IRQHandler
                0x0000000008000780                TIM1_UP_IRQHandler
                0x0000000008000780                WWDG_RST_IRQHandler
                0x0000000008000780                BDMA_Channel4_IRQHandler
                0x0000000008000780                OTG_HS_EP1_OUT_IRQHandler
                0x0000000008000780                WWDG_IRQHandler
                0x0000000008000780                SPI6_IRQHandler
                0x0000000008000780                MDIOS_IRQHandler
                0x0000000008000780                I2C4_EV_IRQHandler
                0x0000000008000780                FDCAN2_IT0_IRQHandler
                0x0000000008000780                LPUART1_IRQHandler
                0x0000000008000780                FDCAN1_IT0_IRQHandler
                0x0000000008000780                TIM2_IRQHandler
                0x0000000008000780                OTG_FS_WKUP_IRQHandler
                0x0000000008000780                OTG_HS_IRQHandler
                0x0000000008000780                HSEM2_IRQHandler
                0x0000000008000780                DMA2D_IRQHandler
                0x0000000008000780                TIM1_BRK_IRQHandler
                0x0000000008000780                EXTI1_IRQHandler
                0x0000000008000780                SDMMC2_IRQHandler
                0x0000000008000780                OTG_FS_EP1_OUT_IRQHandler
                0x0000000008000780                BDMA_Channel3_IRQHandler
                0x0000000008000780                HOLD_CORE_IRQHandler
                0x0000000008000780                UART7_IRQHandler
                0x0000000008000780                MDIOS_WKUP_IRQHandler
                0x0000000008000780                USART2_IRQHandler
                0x0000000008000780                DFSDM1_FLT0_IRQHandler
                0x0000000008000780                SAI4_IRQHandler
                0x0000000008000780                I2C2_ER_IRQHandler
                0x0000000008000780                DMA2_Stream1_IRQHandler
                0x0000000008000780                FLASH_IRQHandler
                0x0000000008000780                DMA2_Stream4_IRQHandler
                0x0000000008000780                USART1_IRQHandler
                0x0000000008000780                OTG_FS_IRQHandler
                0x0000000008000780                SPI3_IRQHandler
                0x0000000008000780                WAKEUP_PIN_IRQHandler
                0x0000000008000780                DMA1_Stream4_IRQHandler
                0x0000000008000780                OTG_FS_EP1_IN_IRQHandler
                0x0000000008000780                I2C1_ER_IRQHandler
                0x0000000008000780                FMC_IRQHandler
                0x0000000008000780                FDCAN_CAL_IRQHandler
                0x0000000008000780                SWPMI1_IRQHandler
                0x0000000008000780                COMP1_IRQHandler
                0x0000000008000780                LPTIM1_IRQHandler
                0x0000000008000780                I2C4_ER_IRQHandler
                0x0000000008000780                DMA2_Stream6_IRQHandler
                0x0000000008000780                SAI1_IRQHandler
                0x0000000008000780                DMA1_Stream3_IRQHandler
 *fill*         0x0000000008000782        0x2 
 .text.HAL_Init
                0x0000000008000784       0x78 Drivers/STM32H7xx_HAL_Driver/stm32h7xx_hal.o
                0x0000000008000784                HAL_Init
 .text.HAL_InitTick
                0x00000000080007fc       0x6c Drivers/STM32H7xx_HAL_Driver/stm32h7xx_hal.o
                0x00000000080007fc                HAL_InitTick
 .text.HAL_IncTick
                0x0000000008000868       0x28 Drivers/STM32H7xx_HAL_Driver/stm32h7xx_hal.o
                0x0000000008000868                HAL_IncTick
 .text.HAL_GetTick
                0x0000000008000890       0x18 Drivers/STM32H7xx_HAL_Driver/stm32h7xx_hal.o
                0x0000000008000890                HAL_GetTick
 .text.HAL_GetREVID
                0x00000000080008a8       0x18 Drivers/STM32H7xx_HAL_Driver/stm32h7xx_hal.o
                0x00000000080008a8                HAL_GetREVID
 .text.__NVIC_SetPriorityGrouping
                0x00000000080008c0       0x48 Drivers/STM32H7xx_HAL_Driver/stm32h7xx_hal_cortex.o
 .text.__NVIC_GetPriorityGrouping
                0x0000000008000908       0x1c Drivers/STM32H7xx_HAL_Driver/stm32h7xx_hal_cortex.o
 .text.__NVIC_SetPriority
                0x0000000008000924       0x54 Drivers/STM32H7xx_HAL_Driver/stm32h7xx_hal_cortex.o
 .text.NVIC_EncodePriority
                0x0000000008000978       0x66 Drivers/STM32H7xx_HAL_Driver/stm32h7xx_hal_cortex.o
 *fill*         0x00000000080009de        0x2 
 .text.SysTick_Config
                0x00000000080009e0       0x44 Drivers/STM32H7xx_HAL_Driver/stm32h7xx_hal_cortex.o
 .text.HAL_NVIC_SetPriorityGrouping
                0x0000000008000a24       0x16 Drivers/STM32H7xx_HAL_Driver/stm32h7xx_hal_cortex.o
                0x0000000008000a24                HAL_NVIC_SetPriorityGrouping
 .text.HAL_NVIC_SetPriority
                0x0000000008000a3a       0x34 Drivers/STM32H7xx_HAL_Driver/stm32h7xx_hal_cortex.o
                0x0000000008000a3a                HAL_NVIC_SetPriority
 .text.HAL_SYSTICK_Config
                0x0000000008000a6e       0x18 Drivers/STM32H7xx_HAL_Driver/stm32h7xx_hal_cortex.o
                0x0000000008000a6e                HAL_SYSTICK_Config
 *fill*         0x0000000008000a86        0x2 
 .text.HAL_HSEM_FastTake
                0x0000000008000a88       0x34 Drivers/STM32H7xx_HAL_Driver/stm32h7xx_hal_hsem.o
                0x0000000008000a88                HAL_HSEM_FastTake
 .text.HAL_HSEM_Release
                0x0000000008000abc       0x28 Drivers/STM32H7xx_HAL_Driver/stm32h7xx_hal_hsem.o
                0x0000000008000abc                HAL_HSEM_Release
 .text.HAL_PWREx_ConfigSupply
                0x0000000008000ae4       0xb4 Drivers/STM32H7xx_HAL_Driver/stm32h7xx_hal_pwr_ex.o
                0x0000000008000ae4                HAL_PWREx_ConfigSupply
 .text.HAL_RCC_OscConfig
                0x0000000008000b98      0x820 Drivers/STM32H7xx_HAL_Driver/stm32h7xx_hal_rcc.o
                0x0000000008000b98                HAL_RCC_OscConfig
 .text.HAL_RCC_ClockConfig
                0x00000000080013b8      0x36c Drivers/STM32H7xx_HAL_Driver/stm32h7xx_hal_rcc.o
                0x00000000080013b8                HAL_RCC_ClockConfig
 .text.HAL_RCC_GetSysClockFreq
                0x0000000008001724      0x2e4 Drivers/STM32H7xx_HAL_Driver/stm32h7xx_hal_rcc.o
                0x0000000008001724                HAL_RCC_GetSysClockFreq
 .text.HAL_RCCEx_PeriphCLKConfig
                0x0000000008001a08      0xddc Drivers/STM32H7xx_HAL_Driver/stm32h7xx_hal_rcc_ex.o
                0x0000000008001a08                HAL_RCCEx_PeriphCLKConfig
 .text.RCCEx_PLL2_Config
                0x00000000080027e4      0x164 Drivers/STM32H7xx_HAL_Driver/stm32h7xx_hal_rcc_ex.o
 .text.RCCEx_PLL3_Config
                0x0000000008002948      0x164 Drivers/STM32H7xx_HAL_Driver/stm32h7xx_hal_rcc_ex.o
 .text.__libc_init_array
                0x0000000008002aac       0x48 d:/app/stm32cubeide/stm32cubeide_1.3.0/stm32cubeide/plugins/com.st.stm32cube.ide.mcu.externaltools.gnu-tools-for-stm32.7-2018-q2-update.win32_1.5.0.202011040924/tools/bin/../lib/gcc/arm-none-eabi/7.3.1/../../../../arm-none-eabi/lib/thumb/v7e-m/fpv5/hard\libc_nano.a(lib_a-init.o)
                0x0000000008002aac                __libc_init_array
 .text.memset   0x0000000008002af4       0x10 d:/app/stm32cubeide/stm32cubeide_1.3.0/stm32cubeide/plugins/com.st.stm32cube.ide.mcu.externaltools.gnu-tools-for-stm32.7-2018-q2-update.win32_1.5.0.202011040924/tools/bin/../lib/gcc/arm-none-eabi/7.3.1/../../../../arm-none-eabi/lib/thumb/v7e-m/fpv5/hard\libc_nano.a(lib_a-memset.o)
                0x0000000008002af4                memset
 *(.glue_7)
 .glue_7        0x0000000008002b04        0x0 linker stubs
 *(.glue_7t)
 .glue_7t       0x0000000008002b04        0x0 linker stubs
 *(.eh_frame)
 .eh_frame      0x0000000008002b04        0x0 d:/app/stm32cubeide/stm32cubeide_1.3.0/stm32cubeide/plugins/com.st.stm32cube.ide.mcu.externaltools.gnu-tools-for-stm32.7-2018-q2-update.win32_1.5.0.202011040924/tools/bin/../lib/gcc/arm-none-eabi/7.3.1/thumb/v7e-m/fpv5/hard/crtbegin.o
 *(.init)
 .init          0x0000000008002b04        0x4 d:/app/stm32cubeide/stm32cubeide_1.3.0/stm32cubeide/plugins/com.st.stm32cube.ide.mcu.externaltools.gnu-tools-for-stm32.7-2018-q2-update.win32_1.5.0.202011040924/tools/bin/../lib/gcc/arm-none-eabi/7.3.1/thumb/v7e-m/fpv5/hard/crti.o
                0x0000000008002b04                _init
 .init          0x0000000008002b08        0x8 d:/app/stm32cubeide/stm32cubeide_1.3.0/stm32cubeide/plugins/com.st.stm32cube.ide.mcu.externaltools.gnu-tools-for-stm32.7-2018-q2-update.win32_1.5.0.202011040924/tools/bin/../lib/gcc/arm-none-eabi/7.3.1/thumb/v7e-m/fpv5/hard/crtn.o
 *(.fini)
 .fini          0x0000000008002b10        0x4 d:/app/stm32cubeide/stm32cubeide_1.3.0/stm32cubeide/plugins/com.st.stm32cube.ide.mcu.externaltools.gnu-tools-for-stm32.7-2018-q2-update.win32_1.5.0.202011040924/tools/bin/../lib/gcc/arm-none-eabi/7.3.1/thumb/v7e-m/fpv5/hard/crti.o
                0x0000000008002b10                _fini
 .fini          0x0000000008002b14        0x8 d:/app/stm32cubeide/stm32cubeide_1.3.0/stm32cubeide/plugins/com.st.stm32cube.ide.mcu.externaltools.gnu-tools-for-stm32.7-2018-q2-update.win32_1.5.0.202011040924/tools/bin/../lib/gcc/arm-none-eabi/7.3.1/thumb/v7e-m/fpv5/hard/crtn.o
                0x0000000008002b1c                . = ALIGN (0x4)
                0x0000000008002b1c                _etext = .

.vfp11_veneer   0x0000000008002b1c        0x0
 .vfp11_veneer  0x0000000008002b1c        0x0 linker stubs

.v4_bx          0x0000000008002b1c        0x0
 .v4_bx         0x0000000008002b1c        0x0 linker stubs

.iplt           0x0000000008002b1c        0x0
 .iplt          0x0000000008002b1c        0x0 d:/app/stm32cubeide/stm32cubeide_1.3.0/stm32cubeide/plugins/com.st.stm32cube.ide.mcu.externaltools.gnu-tools-for-stm32.7-2018-q2-update.win32_1.5.0.202011040924/tools/bin/../lib/gcc/arm-none-eabi/7.3.1/thumb/v7e-m/fpv5/hard/crtbegin.o

.rodata         0x0000000008002b1c       0x10
                0x0000000008002b1c                . = ALIGN (0x4)
 *(.rodata)
 *(.rodata*)
 .rodata.D1CorePrescTable
                0x0000000008002b1c       0x10 Common/Src/system_stm32h7xx_dualcore_boot_cm4_cm7.o
                0x0000000008002b1c                D1CorePrescTable
                0x0000000008002b2c                . = ALIGN (0x4)

.rel.dyn        0x0000000008002b2c        0x0
 .rel.iplt      0x0000000008002b2c        0x0 d:/app/stm32cubeide/stm32cubeide_1.3.0/stm32cubeide/plugins/com.st.stm32cube.ide.mcu.externaltools.gnu-tools-for-stm32.7-2018-q2-update.win32_1.5.0.202011040924/tools/bin/../lib/gcc/arm-none-eabi/7.3.1/thumb/v7e-m/fpv5/hard/crtbegin.o

.ARM.extab
 *(.ARM.extab* .gnu.linkonce.armextab.*)

.ARM            0x0000000008002b2c        0x0
                0x0000000008002b2c                __exidx_start = .
 *(.ARM.exidx*)
                0x0000000008002b2c                __exidx_end = .

.preinit_array  0x0000000008002b2c        0x0
                0x0000000008002b2c                PROVIDE (__preinit_array_start = .)
 *(.preinit_array*)
                0x0000000008002b2c                PROVIDE (__preinit_array_end = .)

.init_array     0x0000000008002b2c        0x4
                0x0000000008002b2c                PROVIDE (__init_array_start = .)
 *(SORT_BY_NAME(.init_array.*))
 *(.init_array*)
 .init_array    0x0000000008002b2c        0x4 d:/app/stm32cubeide/stm32cubeide_1.3.0/stm32cubeide/plugins/com.st.stm32cube.ide.mcu.externaltools.gnu-tools-for-stm32.7-2018-q2-update.win32_1.5.0.202011040924/tools/bin/../lib/gcc/arm-none-eabi/7.3.1/thumb/v7e-m/fpv5/hard/crtbegin.o
                0x0000000008002b30                PROVIDE (__init_array_end = .)

.fini_array     0x0000000008002b30        0x4
                [!provide]                        PROVIDE (__fini_array_start = .)
 *(SORT_BY_NAME(.fini_array.*))
 *(.fini_array*)
 .fini_array    0x0000000008002b30        0x4 d:/app/stm32cubeide/stm32cubeide_1.3.0/stm32cubeide/plugins/com.st.stm32cube.ide.mcu.externaltools.gnu-tools-for-stm32.7-2018-q2-update.win32_1.5.0.202011040924/tools/bin/../lib/gcc/arm-none-eabi/7.3.1/thumb/v7e-m/fpv5/hard/crtbegin.o
                [!provide]                        PROVIDE (__fini_array_end = .)
                0x0000000008002b34                _sidata = LOADADDR (.data)

.data           0x0000000020000000       0x10 load address 0x0000000008002b34
                0x0000000020000000                . = ALIGN (0x4)
                0x0000000020000000                _sdata = .
 *(.data)
 *(.data*)
 .data.SystemCoreClock
                0x0000000020000000        0x4 Common/Src/system_stm32h7xx_dualcore_boot_cm4_cm7.o
                0x0000000020000000                SystemCoreClock
 .data.SystemD2Clock
                0x0000000020000004        0x4 Common/Src/system_stm32h7xx_dualcore_boot_cm4_cm7.o
                0x0000000020000004                SystemD2Clock
 .data.uwTickPrio
                0x0000000020000008        0x4 Drivers/STM32H7xx_HAL_Driver/stm32h7xx_hal.o
                0x0000000020000008                uwTickPrio
 .data.uwTickFreq
                0x000000002000000c        0x1 Drivers/STM32H7xx_HAL_Driver/stm32h7xx_hal.o
                0x000000002000000c                uwTickFreq
 *(.RamFunc)
 *(.RamFunc*)
                0x0000000020000010                . = ALIGN (0x4)
 *fill*         0x000000002000000d        0x3 
                0x0000000020000010                _edata = .

.igot.plt       0x0000000020000010        0x0 load address 0x0000000008002b44
 .igot.plt      0x0000000020000010        0x0 d:/app/stm32cubeide/stm32cubeide_1.3.0/stm32cubeide/plugins/com.st.stm32cube.ide.mcu.externaltools.gnu-tools-for-stm32.7-2018-q2-update.win32_1.5.0.202011040924/tools/bin/../lib/gcc/arm-none-eabi/7.3.1/thumb/v7e-m/fpv5/hard/crtbegin.o
                0x0000000020000010                . = ALIGN (0x4)

.bss            0x0000000020000010       0x20 load address 0x0000000008002b44
                0x0000000020000010                _sbss = .
                0x0000000020000010                __bss_start__ = _sbss
 *(.bss)
 .bss           0x0000000020000010       0x1c d:/app/stm32cubeide/stm32cubeide_1.3.0/stm32cubeide/plugins/com.st.stm32cube.ide.mcu.externaltools.gnu-tools-for-stm32.7-2018-q2-update.win32_1.5.0.202011040924/tools/bin/../lib/gcc/arm-none-eabi/7.3.1/thumb/v7e-m/fpv5/hard/crtbegin.o
 *(.bss*)
 *(COMMON)
 COMMON         0x000000002000002c        0x4 Drivers/STM32H7xx_HAL_Driver/stm32h7xx_hal.o
                0x000000002000002c                uwTick
                0x0000000020000030                . = ALIGN (0x4)
                0x0000000020000030                _ebss = .
                0x0000000020000030                __bss_end__ = _ebss

._user_heap_stack
                0x0000000020000030      0x600 load address 0x0000000008002b44
                0x0000000020000030                . = ALIGN (0x8)
                [!provide]                        PROVIDE (end = .)
                0x0000000020000030                PROVIDE (_end = .)
                0x0000000020000230                . = (. + _Min_Heap_Size)
 *fill*         0x0000000020000030      0x200 
                0x0000000020000630                . = (. + _Min_Stack_Size)
 *fill*         0x0000000020000230      0x400 
                0x0000000020000630                . = ALIGN (0x8)

/DISCARD/
 libc.a(*)
 libm.a(*)
 libgcc.a(*)

.ARM.attributes
                0x0000000000000000       0x2e
 *(.ARM.attributes)
 .ARM.attributes
                0x0000000000000000       0x20 d:/app/stm32cubeide/stm32cubeide_1.3.0/stm32cubeide/plugins/com.st.stm32cube.ide.mcu.externaltools.gnu-tools-for-stm32.7-2018-q2-update.win32_1.5.0.202011040924/tools/bin/../lib/gcc/arm-none-eabi/7.3.1/thumb/v7e-m/fpv5/hard/crti.o
 .ARM.attributes
                0x0000000000000020       0x32 d:/app/stm32cubeide/stm32cubeide_1.3.0/stm32cubeide/plugins/com.st.stm32cube.ide.mcu.externaltools.gnu-tools-for-stm32.7-2018-q2-update.win32_1.5.0.202011040924/tools/bin/../lib/gcc/arm-none-eabi/7.3.1/thumb/v7e-m/fpv5/hard/crtbegin.o
 .ARM.attributes
                0x0000000000000052       0x37 Common/Src/system_stm32h7xx_dualcore_boot_cm4_cm7.o
 .ARM.attributes
                0x0000000000000089       0x37 Core/Src/dma.o
 .ARM.attributes
                0x00000000000000c0       0x37 Core/Src/gpio.o
 .ARM.attributes
                0x00000000000000f7       0x37 Core/Src/main.o
 .ARM.attributes
                0x000000000000012e       0x37 Core/Src/stm32h7xx_hal_msp.o
 .ARM.attributes
                0x0000000000000165       0x37 Core/Src/stm32h7xx_it.o
 .ARM.attributes
                0x000000000000019c       0x21 Core/Startup/startup_stm32h745zitx.o
 .ARM.attributes
                0x00000000000001bd       0x37 Drivers/STM32H7xx_HAL_Driver/stm32h7xx_hal.o
 .ARM.attributes
                0x00000000000001f4       0x37 Drivers/STM32H7xx_HAL_Driver/stm32h7xx_hal_cortex.o
 .ARM.attributes
                0x000000000000022b       0x37 Drivers/STM32H7xx_HAL_Driver/stm32h7xx_hal_hsem.o
 .ARM.attributes
                0x0000000000000262       0x37 Drivers/STM32H7xx_HAL_Driver/stm32h7xx_hal_pwr_ex.o
 .ARM.attributes
                0x0000000000000299       0x37 Drivers/STM32H7xx_HAL_Driver/stm32h7xx_hal_rcc.o
 .ARM.attributes
                0x00000000000002d0       0x37 Drivers/STM32H7xx_HAL_Driver/stm32h7xx_hal_rcc_ex.o
 .ARM.attributes
                0x0000000000000307       0x32 d:/app/stm32cubeide/stm32cubeide_1.3.0/stm32cubeide/plugins/com.st.stm32cube.ide.mcu.externaltools.gnu-tools-for-stm32.7-2018-q2-update.win32_1.5.0.202011040924/tools/bin/../lib/gcc/arm-none-eabi/7.3.1/../../../../arm-none-eabi/lib/thumb/v7e-m/fpv5/hard\libc_nano.a(lib_a-init.o)
 .ARM.attributes
                0x0000000000000339       0x32 d:/app/stm32cubeide/stm32cubeide_1.3.0/stm32cubeide/plugins/com.st.stm32cube.ide.mcu.externaltools.gnu-tools-for-stm32.7-2018-q2-update.win32_1.5.0.202011040924/tools/bin/../lib/gcc/arm-none-eabi/7.3.1/../../../../arm-none-eabi/lib/thumb/v7e-m/fpv5/hard\libc_nano.a(lib_a-memset.o)
 .ARM.attributes
                0x000000000000036b       0x20 d:/app/stm32cubeide/stm32cubeide_1.3.0/stm32cubeide/plugins/com.st.stm32cube.ide.mcu.externaltools.gnu-tools-for-stm32.7-2018-q2-update.win32_1.5.0.202011040924/tools/bin/../lib/gcc/arm-none-eabi/7.3.1/thumb/v7e-m/fpv5/hard/crtn.o
OUTPUT(AX58100-TEST_CM7.elf elf32-littlearm)

.debug_info     0x0000000000000000     0xf9d5
 .debug_info    0x0000000000000000     0x1695 Common/Src/system_stm32h7xx_dualcore_boot_cm4_cm7.o
 .debug_info    0x0000000000001695      0xe53 Core/Src/dma.o
 .debug_info    0x00000000000024e8      0xe6f Core/Src/gpio.o
 .debug_info    0x0000000000003357     0x15da Core/Src/main.o
 .debug_info    0x0000000000004931      0xe53 Core/Src/stm32h7xx_hal_msp.o
 .debug_info    0x0000000000005784      0xb36 Core/Src/stm32h7xx_it.o
 .debug_info    0x00000000000062ba       0x22 Core/Startup/startup_stm32h745zitx.o
 .debug_info    0x00000000000062dc     0x202f Drivers/STM32H7xx_HAL_Driver/stm32h7xx_hal.o
 .debug_info    0x000000000000830b     0x1a92 Drivers/STM32H7xx_HAL_Driver/stm32h7xx_hal_cortex.o
 .debug_info    0x0000000000009d9d      0xdc2 Drivers/STM32H7xx_HAL_Driver/stm32h7xx_hal_hsem.o
 .debug_info    0x000000000000ab5f     0x1b0b Drivers/STM32H7xx_HAL_Driver/stm32h7xx_hal_pwr_ex.o
 .debug_info    0x000000000000c66a     0x179e Drivers/STM32H7xx_HAL_Driver/stm32h7xx_hal_rcc.o
 .debug_info    0x000000000000de08     0x1bcd Drivers/STM32H7xx_HAL_Driver/stm32h7xx_hal_rcc_ex.o

.debug_abbrev   0x0000000000000000     0x1e53
 .debug_abbrev  0x0000000000000000      0x22e Common/Src/system_stm32h7xx_dualcore_boot_cm4_cm7.o
 .debug_abbrev  0x000000000000022e      0x1e5 Core/Src/dma.o
 .debug_abbrev  0x0000000000000413      0x1f0 Core/Src/gpio.o
 .debug_abbrev  0x0000000000000603      0x260 Core/Src/main.o
 .debug_abbrev  0x0000000000000863      0x1e5 Core/Src/stm32h7xx_hal_msp.o
 .debug_abbrev  0x0000000000000a48      0x1c9 Core/Src/stm32h7xx_it.o
 .debug_abbrev  0x0000000000000c11       0x12 Core/Startup/startup_stm32h745zitx.o
 .debug_abbrev  0x0000000000000c23      0x2d9 Drivers/STM32H7xx_HAL_Driver/stm32h7xx_hal.o
 .debug_abbrev  0x0000000000000efc      0x3b5 Drivers/STM32H7xx_HAL_Driver/stm32h7xx_hal_cortex.o
 .debug_abbrev  0x00000000000012b1      0x2ab Drivers/STM32H7xx_HAL_Driver/stm32h7xx_hal_hsem.o
 .debug_abbrev  0x000000000000155c      0x33a Drivers/STM32H7xx_HAL_Driver/stm32h7xx_hal_pwr_ex.o
 .debug_abbrev  0x0000000000001896      0x2e2 Drivers/STM32H7xx_HAL_Driver/stm32h7xx_hal_rcc.o
 .debug_abbrev  0x0000000000001b78      0x2db Drivers/STM32H7xx_HAL_Driver/stm32h7xx_hal_rcc_ex.o

.debug_aranges  0x0000000000000000      0x7e8
 .debug_aranges
                0x0000000000000000       0x28 Common/Src/system_stm32h7xx_dualcore_boot_cm4_cm7.o
 .debug_aranges
                0x0000000000000028       0x20 Core/Src/dma.o
 .debug_aranges
                0x0000000000000048       0x20 Core/Src/gpio.o
 .debug_aranges
                0x0000000000000068       0x30 Core/Src/main.o
 .debug_aranges
                0x0000000000000098       0x20 Core/Src/stm32h7xx_hal_msp.o
 .debug_aranges
                0x00000000000000b8       0x60 Core/Src/stm32h7xx_it.o
 .debug_aranges
                0x0000000000000118       0x28 Core/Startup/startup_stm32h745zitx.o
 .debug_aranges
                0x0000000000000140      0x220 Drivers/STM32H7xx_HAL_Driver/stm32h7xx_hal.o
 .debug_aranges
                0x0000000000000360      0x120 Drivers/STM32H7xx_HAL_Driver/stm32h7xx_hal_cortex.o
 .debug_aranges
                0x0000000000000480       0x70 Drivers/STM32H7xx_HAL_Driver/stm32h7xx_hal_hsem.o
 .debug_aranges
                0x00000000000004f0      0x170 Drivers/STM32H7xx_HAL_Driver/stm32h7xx_hal_pwr_ex.o
 .debug_aranges
                0x0000000000000660       0x88 Drivers/STM32H7xx_HAL_Driver/stm32h7xx_hal_rcc.o
 .debug_aranges
                0x00000000000006e8      0x100 Drivers/STM32H7xx_HAL_Driver/stm32h7xx_hal_rcc_ex.o

.debug_ranges   0x0000000000000000      0x720
 .debug_ranges  0x0000000000000000       0x18 Common/Src/system_stm32h7xx_dualcore_boot_cm4_cm7.o
 .debug_ranges  0x0000000000000018       0x10 Core/Src/dma.o
 .debug_ranges  0x0000000000000028       0x10 Core/Src/gpio.o
 .debug_ranges  0x0000000000000038       0x20 Core/Src/main.o
 .debug_ranges  0x0000000000000058       0x10 Core/Src/stm32h7xx_hal_msp.o
 .debug_ranges  0x0000000000000068       0x50 Core/Src/stm32h7xx_it.o
 .debug_ranges  0x00000000000000b8       0x20 Core/Startup/startup_stm32h745zitx.o
 .debug_ranges  0x00000000000000d8      0x210 Drivers/STM32H7xx_HAL_Driver/stm32h7xx_hal.o
 .debug_ranges  0x00000000000002e8      0x110 Drivers/STM32H7xx_HAL_Driver/stm32h7xx_hal_cortex.o
 .debug_ranges  0x00000000000003f8       0x60 Drivers/STM32H7xx_HAL_Driver/stm32h7xx_hal_hsem.o
 .debug_ranges  0x0000000000000458      0x160 Drivers/STM32H7xx_HAL_Driver/stm32h7xx_hal_pwr_ex.o
 .debug_ranges  0x00000000000005b8       0x78 Drivers/STM32H7xx_HAL_Driver/stm32h7xx_hal_rcc.o
 .debug_ranges  0x0000000000000630       0xf0 Drivers/STM32H7xx_HAL_Driver/stm32h7xx_hal_rcc_ex.o

.debug_macro    0x0000000000000000    0x372d0
 .debug_macro   0x0000000000000000      0x279 Common/Src/system_stm32h7xx_dualcore_boot_cm4_cm7.o
 .debug_macro   0x0000000000000279      0xa6c Common/Src/system_stm32h7xx_dualcore_boot_cm4_cm7.o
 .debug_macro   0x0000000000000ce5       0x2e Common/Src/system_stm32h7xx_dualcore_boot_cm4_cm7.o
 .debug_macro   0x0000000000000d13       0x49 Common/Src/system_stm32h7xx_dualcore_boot_cm4_cm7.o
 .debug_macro   0x0000000000000d5c       0x22 Common/Src/system_stm32h7xx_dualcore_boot_cm4_cm7.o
 .debug_macro   0x0000000000000d7e       0x8e Common/Src/system_stm32h7xx_dualcore_boot_cm4_cm7.o
 .debug_macro   0x0000000000000e0c       0x51 Common/Src/system_stm32h7xx_dualcore_boot_cm4_cm7.o
 .debug_macro   0x0000000000000e5d       0xef Common/Src/system_stm32h7xx_dualcore_boot_cm4_cm7.o
 .debug_macro   0x0000000000000f4c       0x6a Common/Src/system_stm32h7xx_dualcore_boot_cm4_cm7.o
 .debug_macro   0x0000000000000fb6      0x1df Common/Src/system_stm32h7xx_dualcore_boot_cm4_cm7.o
 .debug_macro   0x0000000000001195       0x1c Common/Src/system_stm32h7xx_dualcore_boot_cm4_cm7.o
 .debug_macro   0x00000000000011b1       0x22 Common/Src/system_stm32h7xx_dualcore_boot_cm4_cm7.o
 .debug_macro   0x00000000000011d3       0xdf Common/Src/system_stm32h7xx_dualcore_boot_cm4_cm7.o
 .debug_macro   0x00000000000012b2     0x12cd Common/Src/system_stm32h7xx_dualcore_boot_cm4_cm7.o
 .debug_macro   0x000000000000257f      0x11f Common/Src/system_stm32h7xx_dualcore_boot_cm4_cm7.o
 .debug_macro   0x000000000000269e       0x19 Common/Src/system_stm32h7xx_dualcore_boot_cm4_cm7.o
 .debug_macro   0x00000000000026b7    0x26850 Common/Src/system_stm32h7xx_dualcore_boot_cm4_cm7.o
 .debug_macro   0x0000000000028f07       0x43 Common/Src/system_stm32h7xx_dualcore_boot_cm4_cm7.o
 .debug_macro   0x0000000000028f4a      0x22c Common/Src/system_stm32h7xx_dualcore_boot_cm4_cm7.o
 .debug_macro   0x0000000000029176     0x3cd3 Common/Src/system_stm32h7xx_dualcore_boot_cm4_cm7.o
 .debug_macro   0x000000000002ce49      0x174 Common/Src/system_stm32h7xx_dualcore_boot_cm4_cm7.o
 .debug_macro   0x000000000002cfbd       0x46 Common/Src/system_stm32h7xx_dualcore_boot_cm4_cm7.o
 .debug_macro   0x000000000002d003       0x17 Common/Src/system_stm32h7xx_dualcore_boot_cm4_cm7.o
 .debug_macro   0x000000000002d01a       0x3c Common/Src/system_stm32h7xx_dualcore_boot_cm4_cm7.o
 .debug_macro   0x000000000002d056       0x34 Common/Src/system_stm32h7xx_dualcore_boot_cm4_cm7.o
 .debug_macro   0x000000000002d08a       0x52 Common/Src/system_stm32h7xx_dualcore_boot_cm4_cm7.o
 .debug_macro   0x000000000002d0dc       0x1f Common/Src/system_stm32h7xx_dualcore_boot_cm4_cm7.o
 .debug_macro   0x000000000002d0fb       0x43 Common/Src/system_stm32h7xx_dualcore_boot_cm4_cm7.o
 .debug_macro   0x000000000002d13e       0x20 Common/Src/system_stm32h7xx_dualcore_boot_cm4_cm7.o
 .debug_macro   0x000000000002d15e      0x1a3 Common/Src/system_stm32h7xx_dualcore_boot_cm4_cm7.o
 .debug_macro   0x000000000002d301      0x32a Common/Src/system_stm32h7xx_dualcore_boot_cm4_cm7.o
 .debug_macro   0x000000000002d62b      0x1e1 Common/Src/system_stm32h7xx_dualcore_boot_cm4_cm7.o
 .debug_macro   0x000000000002d80c       0x54 Common/Src/system_stm32h7xx_dualcore_boot_cm4_cm7.o
 .debug_macro   0x000000000002d860     0x3a9d Common/Src/system_stm32h7xx_dualcore_boot_cm4_cm7.o
 .debug_macro   0x00000000000312fd     0x104f Common/Src/system_stm32h7xx_dualcore_boot_cm4_cm7.o
 .debug_macro   0x000000000003234c      0x138 Common/Src/system_stm32h7xx_dualcore_boot_cm4_cm7.o
 .debug_macro   0x0000000000032484      0x133 Common/Src/system_stm32h7xx_dualcore_boot_cm4_cm7.o
 .debug_macro   0x00000000000325b7      0x3be Common/Src/system_stm32h7xx_dualcore_boot_cm4_cm7.o
 .debug_macro   0x0000000000032975       0x27 Common/Src/system_stm32h7xx_dualcore_boot_cm4_cm7.o
 .debug_macro   0x000000000003299c      0x72d Common/Src/system_stm32h7xx_dualcore_boot_cm4_cm7.o
 .debug_macro   0x00000000000330c9      0x229 Common/Src/system_stm32h7xx_dualcore_boot_cm4_cm7.o
 .debug_macro   0x00000000000332f2       0x66 Common/Src/system_stm32h7xx_dualcore_boot_cm4_cm7.o
 .debug_macro   0x0000000000033358      0x3bb Common/Src/system_stm32h7xx_dualcore_boot_cm4_cm7.o
 .debug_macro   0x0000000000033713      0x408 Common/Src/system_stm32h7xx_dualcore_boot_cm4_cm7.o
 .debug_macro   0x0000000000033b1b      0x27c Common/Src/system_stm32h7xx_dualcore_boot_cm4_cm7.o
 .debug_macro   0x0000000000033d97      0x3cb Common/Src/system_stm32h7xx_dualcore_boot_cm4_cm7.o
 .debug_macro   0x0000000000034162      0x4b7 Common/Src/system_stm32h7xx_dualcore_boot_cm4_cm7.o
 .debug_macro   0x0000000000034619       0x51 Common/Src/system_stm32h7xx_dualcore_boot_cm4_cm7.o
 .debug_macro   0x000000000003466a       0x4a Common/Src/system_stm32h7xx_dualcore_boot_cm4_cm7.o
 .debug_macro   0x00000000000346b4      0x22c Common/Src/system_stm32h7xx_dualcore_boot_cm4_cm7.o
 .debug_macro   0x00000000000348e0       0x64 Common/Src/system_stm32h7xx_dualcore_boot_cm4_cm7.o
 .debug_macro   0x0000000000034944       0xa5 Common/Src/system_stm32h7xx_dualcore_boot_cm4_cm7.o
 .debug_macro   0x00000000000349e9      0x219 Common/Src/system_stm32h7xx_dualcore_boot_cm4_cm7.o
 .debug_macro   0x0000000000034c02      0x2eb Common/Src/system_stm32h7xx_dualcore_boot_cm4_cm7.o
 .debug_macro   0x0000000000034eed       0x35 Common/Src/system_stm32h7xx_dualcore_boot_cm4_cm7.o
 .debug_macro   0x0000000000034f22      0x798 Common/Src/system_stm32h7xx_dualcore_boot_cm4_cm7.o
 .debug_macro   0x00000000000356ba      0x287 Core/Src/dma.o
 .debug_macro   0x0000000000035941      0x287 Core/Src/gpio.o
 .debug_macro   0x0000000000035bc8      0x29b Core/Src/main.o
 .debug_macro   0x0000000000035e63      0x27d Core/Src/stm32h7xx_hal_msp.o
 .debug_macro   0x00000000000360e0      0x287 Core/Src/stm32h7xx_it.o
 .debug_macro   0x0000000000036367      0x29d Drivers/STM32H7xx_HAL_Driver/stm32h7xx_hal.o
 .debug_macro   0x0000000000036604      0x273 Drivers/STM32H7xx_HAL_Driver/stm32h7xx_hal_cortex.o
 .debug_macro   0x0000000000036877      0x285 Drivers/STM32H7xx_HAL_Driver/stm32h7xx_hal_hsem.o
 .debug_macro   0x0000000000036afc      0x2ac Drivers/STM32H7xx_HAL_Driver/stm32h7xx_hal_pwr_ex.o
 .debug_macro   0x0000000000036da8      0x297 Drivers/STM32H7xx_HAL_Driver/stm32h7xx_hal_rcc.o
 .debug_macro   0x000000000003703f      0x291 Drivers/STM32H7xx_HAL_Driver/stm32h7xx_hal_rcc_ex.o

.debug_line     0x0000000000000000     0x8905
 .debug_line    0x0000000000000000      0x9bb Common/Src/system_stm32h7xx_dualcore_boot_cm4_cm7.o
 .debug_line    0x00000000000009bb      0x923 Core/Src/dma.o
 .debug_line    0x00000000000012de      0x926 Core/Src/gpio.o
 .debug_line    0x0000000000001c04      0x9ba Core/Src/main.o
 .debug_line    0x00000000000025be      0x929 Core/Src/stm32h7xx_hal_msp.o
 .debug_line    0x0000000000002ee7      0x9d2 Core/Src/stm32h7xx_it.o
 .debug_line    0x00000000000038b9       0x87 Core/Startup/startup_stm32h745zitx.o
 .debug_line    0x0000000000003940      0xe50 Drivers/STM32H7xx_HAL_Driver/stm32h7xx_hal.o
 .debug_line    0x0000000000004790      0xc98 Drivers/STM32H7xx_HAL_Driver/stm32h7xx_hal_cortex.o
 .debug_line    0x0000000000005428      0xa3f Drivers/STM32H7xx_HAL_Driver/stm32h7xx_hal_hsem.o
 .debug_line    0x0000000000005e67      0xdbc Drivers/STM32H7xx_HAL_Driver/stm32h7xx_hal_pwr_ex.o
 .debug_line    0x0000000000006c23      0xd39 Drivers/STM32H7xx_HAL_Driver/stm32h7xx_hal_rcc.o
 .debug_line    0x000000000000795c      0xfa9 Drivers/STM32H7xx_HAL_Driver/stm32h7xx_hal_rcc_ex.o

.debug_str      0x0000000000000000   0x16d3dc
 .debug_str     0x0000000000000000   0x16a4b6 Common/Src/system_stm32h7xx_dualcore_boot_cm4_cm7.o
                                     0x16a9ea (size before relaxing)
 .debug_str     0x000000000016a4b6       0x3a Core/Src/dma.o
                                     0x16a620 (size before relaxing)
 .debug_str     0x000000000016a4f0       0x2c Core/Src/gpio.o
                                     0x16a623 (size before relaxing)
 .debug_str     0x000000000016a51c      0x58d Core/Src/main.o
                                     0x16abf5 (size before relaxing)
 .debug_str     0x000000000016aaa9       0x2c Core/Src/stm32h7xx_hal_msp.o
                                     0x16a623 (size before relaxing)
 .debug_str     0x000000000016aad5       0xbd Core/Src/stm32h7xx_it.o
                                     0x16a48a (size before relaxing)
 .debug_str     0x000000000016ab92       0x36 Core/Startup/startup_stm32h745zitx.o
                                         0x73 (size before relaxing)
 .debug_str     0x000000000016abc8     0x1171 Drivers/STM32H7xx_HAL_Driver/stm32h7xx_hal.o
                                     0x16ba05 (size before relaxing)
 .debug_str     0x000000000016bd39      0x3e9 Drivers/STM32H7xx_HAL_Driver/stm32h7xx_hal_cortex.o
                                     0x16b2bc (size before relaxing)
 .debug_str     0x000000000016c122      0x239 Drivers/STM32H7xx_HAL_Driver/stm32h7xx_hal_hsem.o
                                     0x16a63e (size before relaxing)
 .debug_str     0x000000000016c35b      0x6ac Drivers/STM32H7xx_HAL_Driver/stm32h7xx_hal_pwr_ex.o
                                     0x16ae72 (size before relaxing)
 .debug_str     0x000000000016ca07      0x30a Drivers/STM32H7xx_HAL_Driver/stm32h7xx_hal_rcc.o
                                     0x16acb4 (size before relaxing)
 .debug_str     0x000000000016cd11      0x6cb Drivers/STM32H7xx_HAL_Driver/stm32h7xx_hal_rcc_ex.o
                                     0x16b1ba (size before relaxing)

.comment        0x0000000000000000       0x7b
 .comment       0x0000000000000000       0x7b Common/Src/system_stm32h7xx_dualcore_boot_cm4_cm7.o
                                         0x7c (size before relaxing)
 .comment       0x000000000000007b       0x7c Core/Src/dma.o
 .comment       0x000000000000007b       0x7c Core/Src/gpio.o
 .comment       0x000000000000007b       0x7c Core/Src/main.o
 .comment       0x000000000000007b       0x7c Core/Src/stm32h7xx_hal_msp.o
 .comment       0x000000000000007b       0x7c Core/Src/stm32h7xx_it.o
 .comment       0x000000000000007b       0x7c Drivers/STM32H7xx_HAL_Driver/stm32h7xx_hal.o
 .comment       0x000000000000007b       0x7c Drivers/STM32H7xx_HAL_Driver/stm32h7xx_hal_cortex.o
 .comment       0x000000000000007b       0x7c Drivers/STM32H7xx_HAL_Driver/stm32h7xx_hal_hsem.o
 .comment       0x000000000000007b       0x7c Drivers/STM32H7xx_HAL_Driver/stm32h7xx_hal_pwr_ex.o
 .comment       0x000000000000007b       0x7c Drivers/STM32H7xx_HAL_Driver/stm32h7xx_hal_rcc.o
 .comment       0x000000000000007b       0x7c Drivers/STM32H7xx_HAL_Driver/stm32h7xx_hal_rcc_ex.o

.debug_frame    0x0000000000000000     0x1dfc
 .debug_frame   0x0000000000000000       0x58 Common/Src/system_stm32h7xx_dualcore_boot_cm4_cm7.o
 .debug_frame   0x0000000000000058       0x38 Core/Src/dma.o
 .debug_frame   0x0000000000000090       0x38 Core/Src/gpio.o
 .debug_frame   0x00000000000000c8       0x70 Core/Src/main.o
 .debug_frame   0x0000000000000138       0x38 Core/Src/stm32h7xx_hal_msp.o
 .debug_frame   0x0000000000000170      0x104 Core/Src/stm32h7xx_it.o
 .debug_frame   0x0000000000000274      0x8c8 Drivers/STM32H7xx_HAL_Driver/stm32h7xx_hal.o
 .debug_frame   0x0000000000000b3c      0x4b8 Drivers/STM32H7xx_HAL_Driver/stm32h7xx_hal_cortex.o
 .debug_frame   0x0000000000000ff4      0x1bc Drivers/STM32H7xx_HAL_Driver/stm32h7xx_hal_hsem.o
 .debug_frame   0x00000000000011b0      0x5ec Drivers/STM32H7xx_HAL_Driver/stm32h7xx_hal_pwr_ex.o
 .debug_frame   0x000000000000179c      0x1f8 Drivers/STM32H7xx_HAL_Driver/stm32h7xx_hal_rcc.o
 .debug_frame   0x0000000000001994      0x41c Drivers/STM32H7xx_HAL_Driver/stm32h7xx_hal_rcc_ex.o
 .debug_frame   0x0000000000001db0       0x2c d:/app/stm32cubeide/stm32cubeide_1.3.0/stm32cubeide/plugins/com.st.stm32cube.ide.mcu.externaltools.gnu-tools-for-stm32.7-2018-q2-update.win32_1.5.0.202011040924/tools/bin/../lib/gcc/arm-none-eabi/7.3.1/../../../../arm-none-eabi/lib/thumb/v7e-m/fpv5/hard\libc_nano.a(lib_a-init.o)
 .debug_frame   0x0000000000001ddc       0x20 d:/app/stm32cubeide/stm32cubeide_1.3.0/stm32cubeide/plugins/com.st.stm32cube.ide.mcu.externaltools.gnu-tools-for-stm32.7-2018-q2-update.win32_1.5.0.202011040924/tools/bin/../lib/gcc/arm-none-eabi/7.3.1/../../../../arm-none-eabi/lib/thumb/v7e-m/fpv5/hard\libc_nano.a(lib_a-memset.o)
